---
source: crates/rpgle-parser/src/ast/spec.rs
assertion_line: 153
expression: observed
---
~
