---
source: crates/rpgle-parser/src/ast/spec.rs
assertion_line: 270
expression: observed
---
- F:
    sequence:
      Ok:
        value: "     "
        meta:
          span:
            start:
              row: 0
              col: 0
            end:
              row: 0
              col: 5
          text: "     "
    form_type:
      Ok:
        value: F
        meta:
          span:
            start:
              row: 0
              col: 5
            end:
              row: 0
              col: 6
          text: F
    name:
      Ok:
        value: CowEvt
        meta:
          span:
            start:
              row: 0
              col: 6
            end:
              row: 0
              col: 16
          text: "CowEvt    "
    filetype:
      Ok:
        value: U
        meta:
          span:
            start:
              row: 0
              col: 16
            end:
              row: 0
              col: 17
          text: U
    file_designation:
      Ok:
        value: F
        meta:
          span:
            start:
              row: 0
              col: 17
            end:
              row: 0
              col: 18
          text: F
    endfile:
      Ok:
        value: Empty
        meta:
          span:
            start:
              row: 0
              col: 18
            end:
              row: 0
              col: 19
          text: " "
    file_addition:
      Ok:
        value: A
        meta:
          span:
            start:
              row: 0
              col: 19
            end:
              row: 0
              col: 20
          text: A
    file_sequence:
      Ok:
        value: Empty
        meta:
          span:
            start:
              row: 0
              col: 20
            end:
              row: 0
              col: 21
          text: " "
    file_format:
      Ok:
        value: E
        meta:
          span:
            start:
              row: 0
              col: 21
            end:
              row: 0
              col: 22
          text: E
    record_length:
      Ok:
        value: Empty
        meta:
          span:
            start:
              row: 0
              col: 22
            end:
              row: 0
              col: 27
          text: "     "
    limits_processing:
      Ok:
        value: Empty
        meta:
          span:
            start:
              row: 0
              col: 27
            end:
              row: 0
              col: 28
          text: " "
    keylength:
      Ok:
        value: Empty
        meta:
          span:
            start:
              row: 0
              col: 28
            end:
              row: 0
              col: 33
          text: "     "
    record_address_type:
      Ok:
        value: K
        meta:
          span:
            start:
              row: 0
              col: 33
            end:
              row: 0
              col: 34
          text: K
    file_organization:
      Ok:
        value: Empty
        meta:
          span:
            start:
              row: 0
              col: 34
            end:
              row: 0
              col: 35
          text: " "
    device:
      Ok:
        value: DISK
        meta:
          span:
            start:
              row: 0
              col: 35
            end:
              row: 0
              col: 42
          text: "DISK   "
    reserved:
      Ok:
        value: Empty
        meta:
          span:
            start:
              row: 0
              col: 42
            end:
              row: 0
              col: 43
          text: " "
    keywords:
      Ok:
        tokens:
          - kind: Whitespace
            metas:
              - span:
                  start:
                    row: 0
                    col: 43
                  end:
                    row: 0
                    col: 100
                text: "                                                         "
- []
