---
source: crates/idk-nvim/src/highlight.rs
assertion_line: 100
expression: highlights
---
[]
